SFRESCOX - FRXY.7a #137: Search Coupled Reaction Channels

 Please give search file name
 SFrescox search file = na-all.search                                                                   

 Frescox input file = nalpha.frin                                                                     
    and output file = nalpha.frout                                                                    
 Search on   2 variables for   3 datasets,
 Frescox input file = nalpha.frin rewritten

  MINUIT RELEASE 96.03  INITIALIZED.   DIMENSIONS 4000/4000  EPSMAC=  0.89E-15

  Define SEARCH VARIABLES:

   Variable   1=V               is 1 potential KP= 1, line= 2 col= 1
     value from Frescox input, step  0.0100, min,max   0.0000  0.0000

   Variable   2=Vso             is 1 potential KP= 1, line= 3 col= 1
     value from Frescox input, step  0.0100, min,max   0.0000  0.0000

 
** Read DATA SET   1 from file =                                                                               
    of type  4           with absolute errors, CM  for state/excit  1  1,  idir= 0
                               Detailed info=F;   set info =            eplots=F with log(Y)=F Mflip=F

  Excitation phase shift in channel  1.5- # 1
  Read data set            1
   26 data points
   Energy   Datum     Absolute error
    0.20000    2.168      0.3000E-02
    0.40000    7.606      0.8000E-02
    0.60000    17.95      0.2000E-01
    0.80000    36.04      0.3000E-01
    1.00000    61.63      0.3000E-01
    1.20000    85.44      0.4000E-01
    1.40000    101.0      0.4000E-01
    1.60000    110.1      0.4000E-01
    1.80000    115.5      0.4000E-01
    2.00000    118.8      0.4000E-01
    2.50000    122.6      0.5000E-01
    3.00000    123.6      0.5000E-01
    3.50000    123.4      0.6000E-01
    4.00000    122.8      0.8000E-01
    4.50000    121.8      0.1000    
    5.00000    120.8      0.1200    
    6.00000    118.6      0.1600    
    7.00000    116.3      0.2100    
    8.00000    114.2      0.2600    
    9.00000    112.2      0.3300    
   10.00000    110.3      0.3900    
   12.00000    106.9      0.5300    
   14.00000    103.9      0.6700    
   16.00000    101.2      0.8200    
   18.00000    98.82      0.9600    
   20.00000    96.57       1.100    
 
** Read DATA SET   2 from file =                                                                               
    of type  4           with absolute errors, CM  for state/excit  1  1,  idir= 0
                               Detailed info=F;   set info =            eplots=F with log(Y)=F Mflip=F

  Excitation phase shift in channel  0.5- # 1
  Read data set            2
   26 data points
   Energy   Datum     Absolute error
    0.20000   0.4280      0.3000E-02
    0.40000    1.236      0.8000E-02
    0.60000    2.314      0.1500E-01
    0.80000    3.630      0.2000E-01
    1.00000    5.150      0.3000E-01
    1.20000    6.880      0.4000E-01
    1.40000    8.780      0.5000E-01
    1.60000    10.84      0.6000E-01
    1.80000    13.04      0.7000E-01
    2.00000    15.36      0.8000E-01
    2.50000    21.51      0.1100    
    3.00000    27.80      0.1300    
    3.50000    33.84      0.1600    
    4.00000    39.30      0.2000    
    4.50000    44.04      0.2400    
    5.00000    48.02      0.2700    
    6.00000    53.90      0.3500    
    7.00000    57.61      0.4200    
    8.00000    59.82      0.4700    
    9.00000    61.02      0.5100    
   10.00000    61.56      0.5600    
   12.00000    61.45      0.6500    
   14.00000    60.53      0.7300    
   16.00000    59.27      0.8300    
   18.00000    57.90      0.9200    
   20.00000    56.54       1.010    
 
** Read DATA SET   3 from file =                                                                               
    of type  4           with absolute errors, CM  for state/excit  1  1,  idir= 0
                               Detailed info=F;   set info =            eplots=F with log(Y)=F Mflip=F

  Excitation phase shift in channel  0.5+ # 1
  Read data set            3
   26 data points
   Energy   Datum     Absolute error
    0.20000   -10.88      0.2000E-01
    0.40000   -15.37      0.3000E-01
    0.60000   -18.80      0.4000E-01
    0.80000   -21.69      0.4000E-01
    1.00000   -24.23      0.4000E-01
    1.20000   -26.52      0.4000E-01
    1.40000   -28.62      0.5000E-01
    1.60000   -30.57      0.5000E-01
    1.80000   -32.39      0.5000E-01
    2.00000   -34.11      0.5000E-01
    2.50000   -38.04      0.5000E-01
    3.00000   -41.57      0.5000E-01
    3.50000   -44.78      0.5000E-01
    4.00000   -47.74      0.6000E-01
    4.50000   -50.50      0.6000E-01
    5.00000   -53.08      0.7000E-01
    6.00000   -57.79      0.9000E-01
    7.00000   -62.01      0.1200    
    8.00000   -65.82      0.1500    
    9.00000   -69.29      0.1900    
   10.00000   -72.44      0.2400    
   12.00000   -77.90      0.3500    
   14.00000   -82.34      0.5000    
   16.00000   -85.81      0.7200    
   18.00000   -88.31       1.060    
   20.00000   -89.81       1.570    
 Scattering energies:   0.20000 to  20.00000 MeV(lab)
 
  FRESCOX output to nalpha.frout*
 
Running on pauli.llnl.gov
 Calculate scattering at    26 energies
    0.200000,1   0.400000,1   0.600000,1   0.800000,1   1.000000,1   1.200000,1   1.400000,1   1.600000,1   1.800000,1   2.000000,1
    2.500000,1   3.000000,1   3.500000,1   4.000000,1   4.500000,1   5.000000,1   6.000000,1   7.000000,1   8.000000,1   9.000000,1
   10.000000,1  12.000000,1  14.000000,1  16.000000,1  18.000000,1  20.000000,1
        1       1       1       1       1       1       1       1       1       1
        1       1       1       1       1       1       1       1       1       1
        1       1       1       1       1       1
 
 grace: T
     2 parameters (   2 variable) and     78 data points, so dof=     76
    Var     1=V               value    43.000000
    Var     2=Vso             value    10.000000

  Total ChiSq/df= 26705.8773 from  76396.481   156.942  1509.911

  Total ChiSq   =  2029646.7 from  1986308.5    4080.5   39257.7

 PARAMETER DEFINITIONS:
    NO.   NAME              VALUE      STEP SIZE      LIMITS
     1 'V              '    43.000      0.10000E-01     no limits
     2 'Vso            '    10.000      0.10000E-01     no limits
sfrescox> >q
    Var     1=V               value    43.000000, step   0.0100, error   0.0000 rwa =F
    Var     2=Vso             value    10.000000, step   0.0100, error   0.0000 rwa =F
sfrescox> >plot search-na-init.plot
  file = <search-na-init.plot> for sets           1           3

  ChiSq/df=  26705.877 from  76396.481   156.942  1509.911

  Graph   0: Emin,Emax =     0.200    20.000 ymin,ymax =     2.168   123.580  F

  Graph   0: Emin,Emax =     0.200    20.000 ymin,ymax =     0.428   123.580  F

  Graph   0: Emin,Emax =     0.200    20.000 ymin,ymax =   -89.810   123.580  F
  xmgr file written: search-na-init.plot with            1  graphs
sfrescox> >min

   Call MINUIT
   with NOGradient, STRategy=0, ERRordef=  0.0132
 **********
 **    1 **SET NOGRADIENT 
 **********
 **********
 **    2 **SET ERRORDEF  0.1316E-01
 **********
minuit>  **********
 **    3 **MIGRAD 
 **********

 FIRST CALL TO USER FUNCTION AT NEW START POINT, WITH IFLAG=4.
 START MIGRAD MINIMIZATION.  STRATEGY 1.  CONVERGENCE WHEN EDM .LT. 0.13E-05

 FCN=   26705.88     FROM MIGRAD    STATUS=INITIATE       6 CALLS        7 TOTAL
                     EDM= unknown      STRATEGY= 1      NO ERROR MATRIX       

  EXT   PARAMETER                CURRENT GUESS       STEP         FIRST   
  NO.     NAME         VALUE          ERROR          SIZE      DERIVATIVE 
   1     V              43.000       0.10000E-01   0.10000E-01   -45281.    
   2     Vso            10.000       0.10000E-01   0.10000E-01   -31471.    
                               ERR DEF= 0.132E-01
 MIGRAD FAILS TO FIND IMPROVEMENT
 COVARIANCE MATRIX CALCULATED SUCCESSFULLY

 FCN=   403.1416     FROM HESSE     STATUS=OK            12 CALLS       75 TOTAL
                     EDM=  0.72E-04    STRATEGY= 1      ERROR MATRIX ACCURATE 

  EXT   PARAMETER                                    STEP         FIRST   
  NO.     NAME         VALUE          ERROR          SIZE      DERIVATIVE 
   1     V              44.209       0.68446E-03   0.48220E-04    3.9431    
   2     Vso            9.7275       0.13128E-02   0.75538E-04   0.99748    
                               ERR DEF= 0.132E-01
 MIGRAD FAILS TO FIND IMPROVEMENT
 MACHINE ACCURACY LIMITS FURTHER IMPROVEMENT.

 MIGRAD MINIMIZATION HAS CONVERGED.

 FCN=   403.1416     FROM MIGRAD    STATUS=CONVERGED     90 CALLS       91 TOTAL
                     EDM=  0.15E-05  STRATEGY=1  ERROR MATRIX UNCERTAINTY=  2.5%

  EXT   PARAMETER                                    STEP         FIRST   
  NO.     NAME         VALUE          ERROR          SIZE      DERIVATIVE 
   1     V              44.209       0.63524E-03    0.0000      -0.38945    
   2     Vso            9.7275       0.12737E-02    0.0000       0.17504E-01
                               ERR DEF= 0.132E-01

 EXTERNAL ERROR MATRIX.    NDIM=4000    NPAR=  2    ERR DEF= 0.132E-01
  4.035E-07-5.715E-07
 -5.715E-07 1.622E-06

 PARAMETER  CORRELATION COEFFICIENTS
       NO.  GLOBAL     1     2
        1  0.70630  1.000-0.706
        2  0.70630 -0.706 1.000
minuit>  **********
 **    4 **END 
 **********

 CALL TO USER FUNCTION WITH IFLAG = 3

 END OF MINUIT COMMAND INPUT.    RETURN TO USER PROGRAM.

     2 parameters (   2 variable) and     78 data points, so dof=     76
sfrescox> >show
     2 parameters (   2 variable) and     78 data points, so dof=     76
 
  Dataset            1  <=>
   Energy   Datum      Abs. error  Theory         Chi
    0.20000  2.1680     0.30000E-02  2.2825       1456.1111
    0.40000  7.6060     0.80000E-02  7.9846       2239.9535
    0.60000  17.950     0.20000E-01  18.733       1532.8029
    0.80000  36.040     0.30000E-01  37.141       1347.7959
    1.00000  61.630     0.30000E-01  62.245        420.2223
    1.20000  85.440     0.40000E-01  84.998        122.3116
    1.40000  101.00     0.40000E-01  99.892        767.9236
    1.60000  110.11     0.40000E-01  108.71       1220.4696
    1.80000  115.50     0.40000E-01  114.00       1413.9126
    2.00000  118.79     0.40000E-01  117.26       1465.6515
    2.50000  122.58     0.50000E-01  121.07        912.6686
    3.00000  123.58     0.50000E-01  122.12        857.9606
    3.50000  123.44     0.60000E-01  122.03        548.4854
    4.00000  122.77     0.80000E-01  121.43        281.0284
    4.50000  121.85     0.10000      120.56        166.1986
    5.00000  120.80     0.12000      119.56        106.7856
    6.00000  118.56     0.16000      117.40         52.1258
    7.00000  116.32     0.21000      115.23         27.0021
    8.00000  114.17     0.26000      113.12         16.2349
    9.00000  112.15     0.33000      111.12          9.8104
   10.00000  110.26     0.39000      109.22          7.1351
   12.00000  106.86     0.53000      105.73          4.5137
   14.00000  103.88     0.67000      102.62          3.5249
   16.00000  101.23     0.82000      99.826          2.9309
   18.00000  98.820     0.96000      97.296          2.5189
   20.00000  96.570      1.1000      94.991          2.0597
 Tot Chisq=  1.4988E+04 Chisq/N=    576.4669,  Penalty=      0.0000
 
  Dataset            2  <=>
   Energy   Datum      Abs. error  Theory         Chi
    0.20000 0.42800     0.30000E-02 0.48460        355.9651
    0.40000  1.2360     0.80000E-02  1.3912        376.4498
    0.60000  2.3140     0.15000E-01  2.5904        339.6451
    0.80000  3.6300     0.20000E-01  4.0355        411.1106
    1.00000  5.1500     0.30000E-01  5.6958        331.0003
    1.20000  6.8800     0.40000E-01  7.5455        276.8335
    1.40000  8.7800     0.50000E-01  9.5598        243.2478
    1.60000  10.840     0.60000E-01  11.713        211.6915
    1.80000  13.040     0.70000E-01  13.978        179.5364
    2.00000  15.360     0.80000E-01  16.326        145.9103
    2.50000  21.510     0.11000      22.372         61.3815
    3.00000  27.800     0.13000      28.324         16.2163
    3.50000  33.840     0.16000      33.836          0.0006
    4.00000  39.300     0.20000      38.700          8.9871
    4.50000  44.040     0.24000      42.840         25.0067
    5.00000  48.020     0.27000      46.271         41.9651
    6.00000  53.900     0.35000      51.299         55.2167
    7.00000  57.610     0.42000      54.459         56.2826
    8.00000  59.820     0.47000      56.341         54.7975
    9.00000  61.020     0.51000      57.363         51.4083
   10.00000  61.560     0.56000      57.807         44.9247
   12.00000  61.450     0.65000      57.634         34.4580
   14.00000  60.530     0.73000      56.690         27.6694
   16.00000  59.270     0.83000      55.381         21.9492
   18.00000  57.900     0.92000      53.913         18.7781
   20.00000  56.540      1.0100      52.393         16.8553
 Tot Chisq=  3.4073E+03 Chisq/N=    131.0495,  Penalty=      0.0000
 
  Dataset            3  <=>
   Energy   Datum      Abs. error  Theory         Chi
    0.20000 -10.880     0.20000E-01 -11.655       1501.5238
    0.40000 -15.370     0.30000E-01 -16.407       1193.7382
    0.60000 -18.800     0.40000E-01 -20.002        903.4648
    0.80000 -21.690     0.40000E-01 -22.993       1061.1132
    1.00000 -24.230     0.40000E-01 -25.593       1161.3338
    1.20000 -26.520     0.40000E-01 -27.913       1213.5527
    1.40000 -28.620     0.50000E-01 -30.020        784.0776
    1.60000 -30.570     0.50000E-01 -31.956        768.8055
    1.80000 -32.390     0.50000E-01 -33.753        742.7003
    2.00000 -34.110     0.50000E-01 -35.431        698.0452
    2.50000 -38.040     0.50000E-01 -39.213        550.4598
    3.00000 -41.570     0.50000E-01 -42.535        372.6020
    3.50000 -44.780     0.50000E-01 -45.506        211.0873
    4.00000 -47.740     0.60000E-01 -48.199         58.5251
    4.50000 -50.500     0.60000E-01 -50.663          7.4165
    5.00000 -53.080     0.70000E-01 -52.937          4.1876
    6.00000 -57.790     0.90000E-01 -57.017         73.7178
    7.00000 -62.010     0.12000     -60.603        137.5452
    8.00000 -65.820     0.15000     -63.800        181.4177
    9.00000 -69.290     0.19000     -66.683        188.2775
   10.00000 -72.440     0.24000     -69.307        170.3892
   12.00000 -77.900     0.35000     -73.935        128.3415
   14.00000 -82.340     0.50000     -77.918         78.2227
   16.00000 -85.810     0.72000     -81.408         37.3787
   18.00000 -88.310      1.0600     -84.510         12.8522
   20.00000 -89.810      1.5700     -87.298          2.5604
 Tot Chisq=  1.2243E+04 Chisq/N=    470.8976,  Penalty=      0.0000

  Total ChiSq/df=   403.1416 from    576.467   131.050   470.898

  Total ChiSq   =    30638.8 from    14988.1    3407.3   12243.3
sfrescox> >plot search-na-fit.plot
  file = <search-na-fit.plot> for sets           1           3

  ChiSq/df=    403.142 from    576.467   131.050   470.898

  Graph   0: Emin,Emax =     0.200    20.000 ymin,ymax =     2.168   123.580  F

  Graph   0: Emin,Emax =     0.200    20.000 ymin,ymax =     0.428   123.580  F

  Graph   0: Emin,Emax =     0.200    20.000 ymin,ymax =   -89.810   123.580  F
  xmgr file written: search-na-fit.plot with            1  graphs
sfrescox> >q
    Var     1=V               value    44.209168, step   0.0100, error   0.0006 rwa =F
    Var     2=Vso             value     9.727489, step   0.0100, error   0.0013 rwa =F
sfrescox> >exit
